Using bundled DotNet SDK version: 10.0 win-x64
Running UnrealBuildTool: dotnet "..\..\Engine\Binaries\DotNET\UnrealBuildTool\UnrealBuildTool.dll" TheDheerFatherEditor Win64 Development "-Project=D:\NSA Unreal Engine\New Folder For Migration\TheDheerFather.uproject" -WaitMutex -FromMsBuild
Log file: C:\Users\RedIce\AppData\Local\UnrealBuildTool\Log.txt
Determining max actions to execute in parallel (8 physical cores, 8 logical cores)
  Executing up to 8 processes, one per physical core
  Requested 1.5 GB memory per action, 7.81 GB available: limiting max parallel actions to 5
UbaServer - Listening on 0.0.0.0:1345
Available x64 toolchains (1):
 * D:\VisualStudio\VC\Tools\MSVC\14.51.36231
    (Family=14.51.36231, FamilyRank=2, Version=14.51.36248, HostArchitecture=x64, ReleaseChannel=Latest, Architecture=x64)
Visual Studio compiler version 14.51.36248 is newer than latest preferred version 14.50.35717. Please use caution as this compiler has not been heavily tested
Building TheDheerFatherEditor...
===== Toolchain Information =====
Using ISPC compiler (D:\Program Files 2\UE_5.8\Engine\Source\ThirdParty\Intel\ISPC\bin\Windows\ispc.exe)
  Intel(r) Implicit SPMD Program Compiler (Intel(r) ISPC), 1.24.0 (build commit  @ 20250404, LLVM 18.1.2) 
Using Visual Studio 14.51.36248 toolchain (D:\VisualStudio\VC\Tools\MSVC\14.51.36231) and Windows 10.0.26100.0 SDK (C:\Program Files (x86)\Windows Kits\10).
Warning: Visual Studio compiler 14.51.36248 is not a preferred version
[Adaptive Build] Excluded from TheDheerFather unity file: TdfAbilitySystemComponent.cpp, TdfAbility_GroundSmash.cpp, TdfAbility_Melee.cpp, TdfAbility_Sprint.cpp, TdfAbility_Test.cpp, TdfAnimInstance.cpp, TdfAttributeSet.cpp, TdfCharacterAbilities.cpp, TdfCharacterBase.cpp, TdfDeployables.cpp, TdfDJDog.cpp, TdfEscapeZone.cpp, TdfFibreBox.cpp, TdfGameInstance.cpp, TdfGameMode.cpp, TdfGameplayAbility.cpp, TdfGameState.cpp, TdfGenerator.cpp, TdfGE_Damage.cpp, TdfGE_KealthDamage.cpp, TdfGE_SpeedBoost.cpp, TdfHouseActors.cpp, TdfHUD.cpp, TdfKillerCharacter.cpp, TdfKillers.cpp, TdfMapBuilder.cpp, TdfPlayerController.cpp, TdfRunnerCharacter.cpp, TdfRunners.cpp, TdfShrine.cpp, TdfTargetDummy.cpp, TheDheerFather.cpp
=================================
Using Unreal Build Accelerator local executor to run 4 action(s)
  CPU 8 physical cores, 8 logical cores
  Memory 15.93 GB physical, 13.54 GB/36.93 GB committed
  UBA Storage capacity 40 GB
[1/4] Compile [x64] TdfDeployables.cpp
D:\Program Files 2\UE_5.8\Engine\Source\Runtime\Engine\Classes\GameFramework\Character.h(798,31): warning C4996: 'APawn::GetMovementBase': GetMovementBase is deprecated. Use GetMovementBaseObject or GetMovementBaseInterfaceData instead. - Please update your code to the new API before upgrading to the next release, otherwise your project will no longer compile.
	virtual UPrimitiveComponent* GetMovementBase() const override final { return Cast<UPrimitiveComponent>(GetMovementBaseObject()); }
	                             ^
[2/4] Link [x64] UnrealEditor-TheDheerFather.lib
[3/4] Link [x64] UnrealEditor-TheDheerFather.dll
[4/4] WriteMetadata TheDheerFatherEditor.target [NoUba]

Total time in Unreal Build Accelerator local executor: 20.27 seconds
Output binary: D:\Program Files 2\UE_5.8\Engine\Binaries\Win64\UnrealEditor.exe

Result: Succeeded
Total execution time: 21.38 seconds
Trace written to file C:\Users\RedIce\AppData\Local\UnrealBuildTool\Trace.uba with size 7.0kb
