Using bundled DotNet SDK version: 10.0 win-x64
Running UnrealBuildTool: dotnet "..\..\Engine\Binaries\DotNET\UnrealBuildTool\UnrealBuildTool.dll" TheDheerFatherEditor Win64 Development "-Project=D:\NSA Unreal Engine\New Folder For Migration\TheDheerFather.uproject" -WaitMutex -FromMsBuild
Log file: C:\Users\RedIce\AppData\Local\UnrealBuildTool\Log.txt
Determining max actions to execute in parallel (8 physical cores, 8 logical cores)
  Executing up to 8 processes, one per physical core
  Requested 1.5 GB memory per action, 7.49 GB available: limiting max parallel actions to 4
Creating makefile for TheDheerFatherEditor (no existing makefile)
UbaServer - Listening on 0.0.0.0:1345
Available x64 toolchains (1):
 * D:\VisualStudio\VC\Tools\MSVC\14.51.36231
    (Family=14.51.36231, FamilyRank=2, Version=14.51.36248, HostArchitecture=x64, ReleaseChannel=Latest, Architecture=x64)
Visual Studio compiler version 14.51.36248 is newer than latest preferred version 14.50.35717. Please use caution as this compiler has not been heavily tested
UHT compiled-in object format Default
Building TheDheerFatherEditor...
===== Toolchain Information =====
Using ISPC compiler (D:\Program Files 2\UE_5.8\Engine\Source\ThirdParty\Intel\ISPC\bin\Windows\ispc.exe)
  Intel(r) Implicit SPMD Program Compiler (Intel(r) ISPC), 1.24.0 (build commit  @ 20250404, LLVM 18.1.2) 
Using Visual Studio 14.51.36248 toolchain (D:\VisualStudio\VC\Tools\MSVC\14.51.36231) and Windows 10.0.26100.0 SDK (C:\Program Files (x86)\Windows Kits\10).
Warning: Visual Studio compiler 14.51.36248 is not a preferred version
[Adaptive Build] Excluded from TheDheerFather unity file: TdfAbilitySystemComponent.cpp, TdfAbility_GroundSmash.cpp, TdfAbility_Melee.cpp, TdfAbility_Sprint.cpp, TdfAbility_Test.cpp, TdfAnimInstance.cpp, TdfAttributeSet.cpp, TdfCharacterAbilities.cpp, TdfCharacterBase.cpp, TdfDeployables.cpp, TdfDJDog.cpp, TdfEscapeZone.cpp, TdfFibreBox.cpp, TdfGameInstance.cpp, TdfGameMode.cpp, TdfGameplayAbility.cpp, TdfGameState.cpp, TdfGenerator.cpp, TdfGE_Damage.cpp, TdfGE_KealthDamage.cpp, TdfGE_SpeedBoost.cpp, TdfHouseActors.cpp, TdfHUD.cpp, TdfKillerCharacter.cpp, TdfKillers.cpp, TdfMapBuilder.cpp, TdfPlayerController.cpp, TdfRunnerCharacter.cpp, TdfRunners.cpp, TdfShrine.cpp, TdfTargetDummy.cpp, TheDheerFather.cpp
=================================
Using Unreal Build Accelerator local executor to run 38 action(s)
  CPU 8 physical cores, 8 logical cores
  Memory 15.93 GB physical, 14.27 GB/36.93 GB committed
  UBA Storage capacity 40 GB
[1/38] Compile Resource [x64] Default.rc2
[2/38] Compile [x64] SharedPCH.UnrealEd.Project.ValApi.ValExpApi.Cpp20.cpp
D:\Program Files 2\UE_5.8\Engine\Source\Runtime\CoreUObject\Public\UObject\Class.h(4314,31): warning C4996: 'UObject::GetAssetRegistryTags': Implement the version that takes FAssetRegistryTagsContext instead. - Please update your code to the new API before upgrading to the next release, otherwise your project will no longer compile.
	COREUOBJECT_API virtual void GetAssetRegistryTags(TArray<FAssetRegistryTag>& OutTags) const override;
	                             ^
D:\Program Files 2\UE_5.8\Engine\Source\Runtime\CoreUObject\Public\UObject\Class.h(4341,43): warning C4996: 'UStruct::ActivateTrackingPropertyValueFlag': This API is internal to the engine. As such, there is no guarantee that it won't change or be removed in future releases. Please use at your own risk.
	UE_INTERNAL COREUOBJECT_API virtual bool ActivateTrackingPropertyValueFlag(EPropertyValueFlags Flags, void* Data) const override;
	                                         ^
D:\Program Files 2\UE_5.8\Engine\Source\Runtime\CoreUObject\Public\UObject\Class.h(4342,43): warning C4996: 'UStruct::IsTrackingPropertyValueFlag': This API is internal to the engine. As such, there is no guarantee that it won't change or be removed in future releases. Please use at your own risk.
	UE_INTERNAL COREUOBJECT_API virtual bool IsTrackingPropertyValueFlag(EPropertyValueFlags Flags, const void* Data) const override;
	                                         ^
D:\Program Files 2\UE_5.8\Engine\Source\Runtime\CoreUObject\Public\UObject\Class.h(4343,43): warning C4996: 'UStruct::HasPropertyValueFlag': This API is internal to the engine. As such, there is no guarantee that it won't change or be removed in future releases. Please use at your own risk.
	UE_INTERNAL COREUOBJECT_API virtual bool HasPropertyValueFlag(EPropertyValueFlags Flags, const void* Data, const FProperty* Property, int32 ArrayIndex = 0) const override;
	                                         ^
D:\Program Files 2\UE_5.8\Engine\Source\Runtime\CoreUObject\Public\UObject\Class.h(4344,43): warning C4996: 'UStruct::SetPropertyValueFlag': This API is internal to the engine. As such, there is no guarantee that it won't change or be removed in future releases. Please use at your own risk.
	UE_INTERNAL COREUOBJECT_API virtual void SetPropertyValueFlag(EPropertyValueFlags Flags, bool bValue, void* Data, const FProperty* Property, int32 ArrayIndex = 0) const override;
	                                         ^
D:\Program Files 2\UE_5.8\Engine\Source\Runtime\CoreUObject\Public\UObject\Class.h(4345,43): warning C4996: 'UStruct::ResetPropertyValueFlags': This API is internal to the engine. As such, there is no guarantee that it won't change or be removed in future releases. Please use at your own risk.
	UE_INTERNAL COREUOBJECT_API virtual void ResetPropertyValueFlags(EPropertyValueFlags Flags, void* Data) const override;
	                                         ^
D:\Program Files 2\UE_5.8\Engine\Source\Runtime\CoreUObject\Public\UObject\Class.h(4346,43): warning C4996: 'UStruct::SerializePropertyValueFlags': This API is internal to the engine. As such, there is no guarantee that it won't change or be removed in future releases. Please use at your own risk.
	UE_INTERNAL COREUOBJECT_API virtual void SerializePropertyValueFlags(EPropertyValueFlags Flags, void* Data, FStructuredArchiveRecord Record, FArchiveFieldName Name) const override;
	                                         ^
D:\Program Files 2\UE_5.8\Engine\Source\Runtime\Engine\Classes\Engine\BlueprintGeneratedClass.h(590,42): warning C4996: 'UObjectBaseUtility::GetVersePath': This API is internal to the engine. As such, there is no guarantee that it won't change or be removed in future releases. Please use at your own risk.
	ENGINE_API virtual UE::Core::FVersePath GetVersePath() const override;
	                                        ^
D:\Program Files 2\UE_5.8\Engine\Source\Runtime\Engine\Public\Animation\AnimCurveMetadata.h(211,15): warning C4996: 'UObject::GetAssetRegistryTags': Implement the version that takes FAssetRegistryTagsContext instead. - Please update your code to the new API before upgrading to the next release, otherwise your project will no longer compile.
	virtual void GetAssetRegistryTags(TArray<FAssetRegistryTag>& OutTags) const override;
	             ^
D:\Program Files 2\UE_5.8\Engine\Source\Runtime\Engine\Public\Animation\AnimCompressionTypes.h(518,26): warning C4996: 'ICompressedAnimData::SerializeCompressedData': SerializeCompressedData now accepts the DataOwner as an argument - Please update your code to the new API before upgrading to the next release, otherwise your project will no longer compile.
	ENGINE_API virtual void SerializeCompressedData(class FArchive& Ar) override;
	                        ^
D:\Program Files 2\UE_5.8\Engine\Source\Runtime\Engine\Classes\Curves\CurveFloat.h(48,53): warning C4996: 'UCurveBase::GetCurves': Use version taking a TAdderReserverRef - Please update your code to the new API before upgrading to the next release, otherwise your project will no longer compile.
	ENGINE_API virtual TArray<FRichCurveEditInfoConst> GetCurves() const override;
	                                                   ^
D:\Program Files 2\UE_5.8\Engine\Source\Runtime\Engine\Public\Materials\MaterialExpressionMaterialFunctionCall.h(126,51): warning C4996: 'UMaterialExpression::GetInputsView': Use FExpressionInputIterator instead or GetInput() directly. - Please update your code to the new API before upgrading to the next release, otherwise your project will no longer compile.
	ENGINE_API virtual TArrayView<FExpressionInput*> GetInputsView() override;
	                                                 ^
D:\Program Files 2\UE_5.8\Engine\Source\Runtime\Engine\Public\Subsystems\WorldSubsystem.h(90,26): warning C4996: 'FTickableObjectBase::IsAllowedToTick': Use IsTickable for conditional ticks and SetTickableTickType to change the tick type after initial registration - Please update your code to the new API before upgrading to the next release, otherwise your project will no longer compile.
	ENGINE_API virtual bool IsAllowedToTick() const override final;
	                        ^
D:\Program Files 2\UE_5.8\Engine\Source\Runtime\Engine\Classes\Components\SkeletalMeshComponent.h(2190,15): warning C4996: 'USkinnedMeshComponent::UpdateSlaveComponent': This method has been deprecated. Please use UpdateFollowerComponent instead. - Please update your code to the new API before upgrading to the next release, otherwise your project will no longer compile.
	virtual void UpdateSlaveComponent() override { UpdateFollowerComponent(); };
	             ^
D:\Program Files 2\UE_5.8\Engine\Source\Runtime\Engine\Classes\Components\SkeletalMeshComponent.h(2198,26): warning C4996: 'USkinnedMeshComponent::SetSkeletalMesh': Use USkeletalMeshComponent::SetSkeletalMesh() or SetSkinnedAssetAndUpdate() instead. - Please update your code to the new API before upgrading to the next release, otherwise your project will no longer compile.
	ENGINE_API virtual void SetSkeletalMesh(class USkeletalMesh* NewMesh, bool bReinitPose = true) override;  // SetSkeletalMesh may remain and become a UFUNCTION but lose its virtual after it is removed from the SkinnedMeshComponent API
	                        ^
D:\Program Files 2\UE_5.8\Engine\Source\Runtime\Engine\Classes\Engine\Texture.h(2069,26): warning C4996: 'UObject::GetAssetRegistryTags': Implement the version that takes FAssetRegistryTagsContext instead. - Please update your code to the new API before upgrading to the next release, otherwise your project will no longer compile.
	ENGINE_API virtual void GetAssetRegistryTags(TArray<FAssetRegistryTag>& OutTags) const override;
	                        ^
D:\Program Files 2\UE_5.8\Engine\Source\Runtime\Engine\Classes\EdGraph\EdGraphSchema.h(631,26): warning C4996: 'FGraphActionListBuilderBase::AddAction': Overriding the schema action category is no longer supported, set the category via CosmeticUpdateRootCategory or CosmeticUpdateCategory - Please update your code to the new API before upgrading to the next release, otherwise your project will no longer compile.
	ENGINE_API virtual void AddAction(const TSharedPtr<FEdGraphSchemaAction>& NewAction, FString const& Category) override;
	                        ^
D:\Program Files 2\UE_5.8\Engine\Source\Runtime\Engine\Classes\EdGraph\EdGraphSchema.h(633,26): warning C4996: 'FGraphActionListBuilderBase::AddActionList': Collections of Action lists were ambiguous and unused - make a compound FEdGraphSchemaAction and Add it - Please update your code to the new API before upgrading to the next release, otherwise your project will no longer compile.
	ENGINE_API virtual void AddActionList(const TArray<TSharedPtr<FEdGraphSchemaAction> >& NewActions, FString const& Category = FString()) override;
	                        ^
D:\Program Files 2\UE_5.8\Engine\Source\Runtime\Engine\Classes\Engine\ChildConnection.h(75,16): warning C4996: 'UNetConnection::IsNetReady': Replaced with a version that doesn't have a saturate option. Call Saturate() directly if passing true before. - Please update your code to the new API before upgrading to the next release, otherwise your project will no longer compile.
	virtual int32 IsNetReady(bool Saturate) override
	              ^
D:\Program Files 2\UE_5.8\Engine\Source\Runtime\Engine\Classes\Engine\SkeletalMesh.h(2606,26): warning C4996: 'UObject::GetAssetRegistryTags': Implement the version that takes FAssetRegistryTagsContext instead. - Please update your code to the new API before upgrading to the next release, otherwise your project will no longer compile.
	ENGINE_API virtual void GetAssetRegistryTags(TArray<FAssetRegistryTag>& OutTags) const override;
	                        ^
D:\Program Files 2\UE_5.8\Engine\Source\Runtime\Engine\Classes\Engine\SkeletalMesh.h(3015,57): warning C4996: 'USkinnedAsset::GetLODInfoArray': Use GetLODInfo and GetLODNum instead. - Please update your code to the new API before upgrading to the next release, otherwise your project will no longer compile.
	ENGINE_API virtual const TArray<FSkeletalMeshLODInfo>& GetLODInfoArray() const override;
	                                                       ^
D:\Program Files 2\UE_5.8\Engine\Source\Runtime\Engine\Classes\Engine\SkeletalMesh.h(3009,51): warning C4996: 'USkinnedAsset::GetLODInfoArray': Use GetLODInfo and GetLODNum instead. - Please update your code to the new API before upgrading to the next release, otherwise your project will no longer compile.
	ENGINE_API virtual TArray<FSkeletalMeshLODInfo>& GetLODInfoArray() override;
	                                                 ^
D:\Program Files 2\UE_5.8\Engine\Source\Runtime\Engine\Classes\Engine\StaticMesh.h(2005,26): warning C4996: 'UObject::GetAssetRegistryTags': Implement the version that takes FAssetRegistryTagsContext instead. - Please update your code to the new API before upgrading to the next release, otherwise your project will no longer compile.
	ENGINE_API virtual void GetAssetRegistryTags(TArray<FAssetRegistryTag>& OutTags) const override;
	                        ^
D:\Program Files 2\UE_5.8\Engine\Source\Runtime\Engine\Classes\Engine\Texture2D.h(125,15): warning C4996: 'UTexture::GetAssetRegistryTags': Implement the version that takes FAssetRegistryTagsContext instead. - Please update your code to the new API before upgrading to the next release, otherwise your project will no longer compile.
	virtual void GetAssetRegistryTags(TArray<FAssetRegistryTag>& OutTags) const override;
	             ^
D:\Program Files 2\UE_5.8\Engine\Source\Runtime\Engine\Classes\Sound\SoundWave.h(1189,26): warning C4996: 'UObject::GetAssetRegistryTags': Implement the version that takes FAssetRegistryTagsContext instead. - Please update your code to the new API before upgrading to the next release, otherwise your project will no longer compile.
	ENGINE_API virtual void GetAssetRegistryTags(TArray<FAssetRegistryTag>& OutTags) const override;
	                        ^
D:\Program Files 2\UE_5.8\Engine\Source\Runtime\Experimental\Chaos\Public\Chaos\Box.h(104,17): warning C4996: 'Chaos::FImplicitObject::GetRadius': Please use GetRadiusf instead. - Please update your code to the new API before upgrading to the next release, otherwise your project will no longer compile.
		virtual FReal GetRadius() const override
		              ^
D:\Program Files 2\UE_5.8\Engine\Source\Runtime\Experimental\Chaos\Public\Chaos\Box.h(104,17): note: the template instantiation context (the oldest one first) is
D:\Program Files 2\UE_5.8\Engine\Source\Runtime\Experimental\Chaos\Public\Chaos\GeometryParticles.h(151,8): note: while compiling class template 'Chaos::TGeometryParticlesImp'
	class TGeometryParticlesImp : public TSimpleGeometryParticles<T, d>
	      ^
D:\Program Files 2\UE_5.8\Engine\Source\Runtime\Experimental\Chaos\Public\Chaos\GeometryParticles.h(588,21): note: see reference to class template instantiation 'Chaos::TBox<Chaos::FReal,3>' being compiled
				TBox<FReal, 3>::SerializeAsAABBs(Ar, MLocalBounds);
				                ^
D:\Program Files 2\UE_5.8\Engine\Source\Runtime\Experimental\Chaos\Public\Chaos\ImplicitObjectTransformed.h(174,16): warning C4996: 'Chaos::FImplicitObject::GetMargin': Please use GetMarginf instead. - Please update your code to the new API before upgrading to the next release, otherwise your project will no longer compile.
	virtual FReal GetMargin() const override
	              ^
D:\Program Files 2\UE_5.8\Engine\Source\Runtime\Experimental\Chaos\Public\Chaos\ImplicitObjectTransformed.h(174,16): note: the template instantiation context (the oldest one first) is
D:\Program Files 2\UE_5.8\Engine\Source\Runtime\Experimental\Chaos\Public\Chaos\ImplicitObjectTransformed.h(458,61): note: see reference to class template instantiation 'Chaos::TImplicitObjectTransformed<Chaos::FReal,3,true>' being compiled
			TImplicitObjectTransformed<FReal, 3>* InnerTransformed = static_cast<TImplicitObjectTransformed<FReal, 3>*>(NewTransformed.GetReference());
			                                                         ^
D:\Program Files 2\UE_5.8\Engine\Source\Runtime\Experimental\Chaos\Public\Chaos\ImplicitObjectTransformed.h(180,16): warning C4996: 'Chaos::FImplicitObject::GetRadius': Please use GetRadiusf instead. - Please update your code to the new API before upgrading to the next release, otherwise your project will no longer compile.
	virtual FReal GetRadius() const override
	              ^
D:\Program Files 2\UE_5.8\Engine\Source\Editor\UnrealEd\Public\Toolkits\AssetEditorToolkit.h(168,28): warning C4996: 'IAssetEditorInstance::CloseWindow': Use CloseWindow that takes in an EAssetEditorCloseReason instead - Please update your code to the new API before upgrading to the next release, otherwise your project will no longer compile.
	UNREALED_API virtual bool CloseWindow() override;
	                          ^
[3/38] Compile [x64] TdfAbilitySystemComponent.cpp
[4/38] Compile [x64] TdfAbility_GroundSmash.cpp
D:\Program Files 2\UE_5.8\Engine\Source\Runtime\Engine\Classes\GameFramework\Character.h(798,31): warning C4996: 'APawn::GetMovementBase': GetMovementBase is deprecated. Use GetMovementBaseObject or GetMovementBaseInterfaceData instead. - Please update your code to the new API before upgrading to the next release, otherwise your project will no longer compile.
	virtual UPrimitiveComponent* GetMovementBase() const override final { return Cast<UPrimitiveComponent>(GetMovementBaseObject()); }
	                             ^
[5/38] Compile [x64] TdfAbility_Melee.cpp
D:\Program Files 2\UE_5.8\Engine\Source\Runtime\Engine\Classes\GameFramework\Character.h(798,31): warning C4996: 'APawn::GetMovementBase': GetMovementBase is deprecated. Use GetMovementBaseObject or GetMovementBaseInterfaceData instead. - Please update your code to the new API before upgrading to the next release, otherwise your project will no longer compile.
	virtual UPrimitiveComponent* GetMovementBase() const override final { return Cast<UPrimitiveComponent>(GetMovementBaseObject()); }
	                             ^
[6/38] Compile [x64] Module.TheDheerFather.cpp
D:\Program Files 2\UE_5.8\Engine\Source\Runtime\Engine\Classes\GameFramework\Character.h(798,31): warning C4996: 'APawn::GetMovementBase': GetMovementBase is deprecated. Use GetMovementBaseObject or GetMovementBaseInterfaceData instead. - Please update your code to the new API before upgrading to the next release, otherwise your project will no longer compile.
	virtual UPrimitiveComponent* GetMovementBase() const override final { return Cast<UPrimitiveComponent>(GetMovementBaseObject()); }
	                             ^
[7/38] Compile [x64] TdfAnimInstance.cpp
D:\Program Files 2\UE_5.8\Engine\Source\Runtime\Engine\Classes\GameFramework\Character.h(798,31): warning C4996: 'APawn::GetMovementBase': GetMovementBase is deprecated. Use GetMovementBaseObject or GetMovementBaseInterfaceData instead. - Please update your code to the new API before upgrading to the next release, otherwise your project will no longer compile.
	virtual UPrimitiveComponent* GetMovementBase() const override final { return Cast<UPrimitiveComponent>(GetMovementBaseObject()); }
	                             ^
[8/38] Compile [x64] TdfAbility_Test.cpp
[9/38] Compile [x64] TdfAbility_Sprint.cpp
[10/38] Compile [x64] TdfAttributeSet.cpp
D:\Program Files 2\UE_5.8\Engine\Source\Runtime\Engine\Classes\GameFramework\Character.h(798,31): warning C4996: 'APawn::GetMovementBase': GetMovementBase is deprecated. Use GetMovementBaseObject or GetMovementBaseInterfaceData instead. - Please update your code to the new API before upgrading to the next release, otherwise your project will no longer compile.
	virtual UPrimitiveComponent* GetMovementBase() const override final { return Cast<UPrimitiveComponent>(GetMovementBaseObject()); }
	                             ^
[11/38] Compile [x64] TdfDeployables.cpp
D:\Program Files 2\UE_5.8\Engine\Source\Runtime\Engine\Classes\GameFramework\Character.h(798,31): warning C4996: 'APawn::GetMovementBase': GetMovementBase is deprecated. Use GetMovementBaseObject or GetMovementBaseInterfaceData instead. - Please update your code to the new API before upgrading to the next release, otherwise your project will no longer compile.
	virtual UPrimitiveComponent* GetMovementBase() const override final { return Cast<UPrimitiveComponent>(GetMovementBaseObject()); }
	                             ^
D:\NSA Unreal Engine\New Folder For Migration\Source\TheDheerFather\TdfDeployables.cpp(375,9): error C2027: use of undefined type 'UTdfAttributeSet'
				if (Attr->GetHealth() < Attr->GetMaxHealth())
				    ^
D:\NSA Unreal Engine\New Folder For Migration\Source\TheDheerFather\TdfCharacterBase.h(12,7): note: see declaration of 'UTdfAttributeSet'
class UTdfAttributeSet;
      ^
D:\NSA Unreal Engine\New Folder For Migration\Source\TheDheerFather\TdfDeployables.cpp(375,29): error C2027: use of undefined type 'UTdfAttributeSet'
				if (Attr->GetHealth() < Attr->GetMaxHealth())
				                        ^
D:\NSA Unreal Engine\New Folder For Migration\Source\TheDheerFather\TdfCharacterBase.h(12,7): note: see declaration of 'UTdfAttributeSet'
class UTdfAttributeSet;
      ^
D:\NSA Unreal Engine\New Folder For Migration\Source\TheDheerFather\TdfDeployables.cpp(377,6): error C2027: use of undefined type 'UTdfAttributeSet'
					Attr->SetHealth(FMath::Min(Attr->GetMaxHealth(), Attr->GetHealth() + 25.f));
					^
D:\NSA Unreal Engine\New Folder For Migration\Source\TheDheerFather\TdfCharacterBase.h(12,7): note: see declaration of 'UTdfAttributeSet'
class UTdfAttributeSet;
      ^
D:\NSA Unreal Engine\New Folder For Migration\Source\TheDheerFather\TdfDeployables.cpp(377,33): error C2027: use of undefined type 'UTdfAttributeSet'
					Attr->SetHealth(FMath::Min(Attr->GetMaxHealth(), Attr->GetHealth() + 25.f));
					                           ^
D:\NSA Unreal Engine\New Folder For Migration\Source\TheDheerFather\TdfCharacterBase.h(12,7): note: see declaration of 'UTdfAttributeSet'
class UTdfAttributeSet;
      ^
D:\NSA Unreal Engine\New Folder For Migration\Source\TheDheerFather\TdfDeployables.cpp(377,55): error C2027: use of undefined type 'UTdfAttributeSet'
					Attr->SetHealth(FMath::Min(Attr->GetMaxHealth(), Attr->GetHealth() + 25.f));
					                                                 ^
D:\NSA Unreal Engine\New Folder For Migration\Source\TheDheerFather\TdfCharacterBase.h(12,7): note: see declaration of 'UTdfAttributeSet'
class UTdfAttributeSet;
      ^
D:\NSA Unreal Engine\New Folder For Migration\Source\TheDheerFather\TdfDeployables.cpp(377,29): error C2672: 'FGenericPlatformMath::Min': no matching overloaded function found
					Attr->SetHealth(FMath::Min(Attr->GetMaxHealth(), Attr->GetHealth() + 25.f));
					                       ^
D:\Program Files 2\UE_5.8\Engine\Source\Runtime\Core\Public\GenericPlatform\GenericPlatformMath.h(1026,18): note: could be 'T FGenericPlatformMath::Min(const TArray<T,FDefaultAllocator> &,int32 *)'
	static inline T Min(const TArray<T>& Values, int32* MinIndex)
	                ^
D:\NSA Unreal Engine\New Folder For Migration\Source\TheDheerFather\TdfDeployables.cpp(377,29): note: 'T FGenericPlatformMath::Min(const TArray<T,FDefaultAllocator> &,int32 *)': expects 2 arguments - 1 provided
					Attr->SetHealth(FMath::Min(Attr->GetMaxHealth(), Attr->GetHealth() + 25.f));
					                       ^
D:\Program Files 2\UE_5.8\Engine\Source\Runtime\Core\Public\GenericPlatform\GenericPlatformMath.h(1000,32): note: or       'T FGenericPlatformMath::Min(const TArray<T,FDefaultAllocator> &)'
	[[nodiscard]] static inline T Min(const TArray<T>& Values)
	                              ^
D:\Program Files 2\UE_5.8\Engine\Source\Runtime\Core\Public\GenericPlatform\GenericPlatformMath.h(992,2): note: or       'unknown-type FGenericPlatformMath::Min(Arg1,Arg2)'
	MIX_SIGNED_INTS_2_ARGS_CONSTEXPR(Min);
	^
D:\NSA Unreal Engine\New Folder For Migration\Source\TheDheerFather\TdfDeployables.cpp(377,29): note: 'unknown-type FGenericPlatformMath::Min(Arg1,Arg2)': expects 2 arguments - 1 provided
					Attr->SetHealth(FMath::Min(Attr->GetMaxHealth(), Attr->GetHealth() + 25.f));
					                       ^
D:\Program Files 2\UE_5.8\Engine\Source\Runtime\Core\Public\GenericPlatform\GenericPlatformMath.h(988,2): note: or       'unknown-type FGenericPlatformMath::Min(Arg1,Arg2)'
	MIX_FLOATS_2_ARGS(Min);
	^
D:\NSA Unreal Engine\New Folder For Migration\Source\TheDheerFather\TdfDeployables.cpp(377,29): note: 'unknown-type FGenericPlatformMath::Min(Arg1,Arg2)': expects 2 arguments - 1 provided
					Attr->SetHealth(FMath::Min(Attr->GetMaxHealth(), Attr->GetHealth() + 25.f));
					                       ^
D:\Program Files 2\UE_5.8\Engine\Source\Runtime\Core\Public\GenericPlatform\GenericPlatformMath.h(977,42): note: or       'T FGenericPlatformMath::Min(T,OtherTypes...)'
	[[nodiscard]] static constexpr inline T Min(T A, OtherTypes... Others)
	                                        ^
D:\Program Files 2\UE_5.8\Engine\Source\Runtime\Core\Public\GenericPlatform\GenericPlatformMath.h(966,55): note: or       'T FGenericPlatformMath::Min(T,T)'
	[[nodiscard]] static constexpr UE_FORCEINLINE_HINT T Min(T A, T B)
	                                                     ^
D:\NSA Unreal Engine\New Folder For Migration\Source\TheDheerFather\TdfDeployables.cpp(377,29): note: 'T FGenericPlatformMath::Min(T,T)': expects 2 arguments - 1 provided
					Attr->SetHealth(FMath::Min(Attr->GetMaxHealth(), Attr->GetHealth() + 25.f));
					                       ^
[12/38] Compile [x64] TdfCharacterAbilities.cpp
D:\Program Files 2\UE_5.8\Engine\Source\Runtime\Engine\Classes\GameFramework\Character.h(798,31): warning C4996: 'APawn::GetMovementBase': GetMovementBase is deprecated. Use GetMovementBaseObject or GetMovementBaseInterfaceData instead. - Please update your code to the new API before upgrading to the next release, otherwise your project will no longer compile.
	virtual UPrimitiveComponent* GetMovementBase() const override final { return Cast<UPrimitiveComponent>(GetMovementBaseObject()); }
	                             ^
[13/38] Compile [x64] TdfDJDog.cpp
D:\Program Files 2\UE_5.8\Engine\Source\Runtime\Engine\Classes\GameFramework\Character.h(798,31): warning C4996: 'APawn::GetMovementBase': GetMovementBase is deprecated. Use GetMovementBaseObject or GetMovementBaseInterfaceData instead. - Please update your code to the new API before upgrading to the next release, otherwise your project will no longer compile.
	virtual UPrimitiveComponent* GetMovementBase() const override final { return Cast<UPrimitiveComponent>(GetMovementBaseObject()); }
	                             ^
[14/38] Compile [x64] TdfCharacterBase.cpp
D:\Program Files 2\UE_5.8\Engine\Source\Runtime\Engine\Classes\GameFramework\Character.h(798,31): warning C4996: 'APawn::GetMovementBase': GetMovementBase is deprecated. Use GetMovementBaseObject or GetMovementBaseInterfaceData instead. - Please update your code to the new API before upgrading to the next release, otherwise your project will no longer compile.
	virtual UPrimitiveComponent* GetMovementBase() const override final { return Cast<UPrimitiveComponent>(GetMovementBaseObject()); }
	                             ^
[15/38] Compile [x64] TdfEscapeZone.cpp
D:\Program Files 2\UE_5.8\Engine\Source\Runtime\Engine\Classes\GameFramework\Character.h(798,31): warning C4996: 'APawn::GetMovementBase': GetMovementBase is deprecated. Use GetMovementBaseObject or GetMovementBaseInterfaceData instead. - Please update your code to the new API before upgrading to the next release, otherwise your project will no longer compile.
	virtual UPrimitiveComponent* GetMovementBase() const override final { return Cast<UPrimitiveComponent>(GetMovementBaseObject()); }
	                             ^
[16/38] Compile [x64] TdfFibreBox.cpp
D:\Program Files 2\UE_5.8\Engine\Source\Runtime\Engine\Classes\GameFramework\Character.h(798,31): warning C4996: 'APawn::GetMovementBase': GetMovementBase is deprecated. Use GetMovementBaseObject or GetMovementBaseInterfaceData instead. - Please update your code to the new API before upgrading to the next release, otherwise your project will no longer compile.
	virtual UPrimitiveComponent* GetMovementBase() const override final { return Cast<UPrimitiveComponent>(GetMovementBaseObject()); }
	                             ^
[17/38] Compile [x64] TdfGE_Damage.cpp
[18/38] Compile [x64] TdfGE_KealthDamage.cpp
[19/38] Compile [x64] TdfGE_SpeedBoost.cpp
D:\NSA Unreal Engine\New Folder For Migration\Source\TheDheerFather\TdfGE_SpeedBoost.cpp(10,2): warning C4996: 'UGameplayEffect::StackingType': Stacking Type will be made private, Please use GetStackingType. - Please update your code to the new API before upgrading to the next release, otherwise your project will no longer compile.
	StackingType = EGameplayEffectStackingType::AggregateByTarget;
	^
[20/38] Compile [x64] TdfGameInstance.cpp
[21/38] Compile [x64] TdfGameState.cpp
[22/38] Compile [x64] TdfGameMode.cpp
D:\Program Files 2\UE_5.8\Engine\Source\Runtime\Engine\Classes\GameFramework\Character.h(798,31): warning C4996: 'APawn::GetMovementBase': GetMovementBase is deprecated. Use GetMovementBaseObject or GetMovementBaseInterfaceData instead. - Please update your code to the new API before upgrading to the next release, otherwise your project will no longer compile.
	virtual UPrimitiveComponent* GetMovementBase() const override final { return Cast<UPrimitiveComponent>(GetMovementBaseObject()); }
	                             ^
[23/38] Compile [x64] TdfGenerator.cpp
D:\Program Files 2\UE_5.8\Engine\Source\Runtime\Engine\Classes\GameFramework\Character.h(798,31): warning C4996: 'APawn::GetMovementBase': GetMovementBase is deprecated. Use GetMovementBaseObject or GetMovementBaseInterfaceData instead. - Please update your code to the new API before upgrading to the next release, otherwise your project will no longer compile.
	virtual UPrimitiveComponent* GetMovementBase() const override final { return Cast<UPrimitiveComponent>(GetMovementBaseObject()); }
	                             ^
[24/38] Compile [x64] TdfGameplayAbility.cpp
D:\Program Files 2\UE_5.8\Engine\Source\Runtime\Engine\Classes\GameFramework\Character.h(798,31): warning C4996: 'APawn::GetMovementBase': GetMovementBase is deprecated. Use GetMovementBaseObject or GetMovementBaseInterfaceData instead. - Please update your code to the new API before upgrading to the next release, otherwise your project will no longer compile.
	virtual UPrimitiveComponent* GetMovementBase() const override final { return Cast<UPrimitiveComponent>(GetMovementBaseObject()); }
	                             ^
[25/38] Compile [x64] TdfHUD.cpp
D:\Program Files 2\UE_5.8\Engine\Source\Runtime\Engine\Classes\GameFramework\Character.h(798,31): warning C4996: 'APawn::GetMovementBase': GetMovementBase is deprecated. Use GetMovementBaseObject or GetMovementBaseInterfaceData instead. - Please update your code to the new API before upgrading to the next release, otherwise your project will no longer compile.
	virtual UPrimitiveComponent* GetMovementBase() const override final { return Cast<UPrimitiveComponent>(GetMovementBaseObject()); }
	                             ^
[26/38] Compile [x64] TdfHouseActors.cpp
D:\Program Files 2\UE_5.8\Engine\Source\Runtime\Engine\Classes\GameFramework\Character.h(798,31): warning C4996: 'APawn::GetMovementBase': GetMovementBase is deprecated. Use GetMovementBaseObject or GetMovementBaseInterfaceData instead. - Please update your code to the new API before upgrading to the next release, otherwise your project will no longer compile.
	virtual UPrimitiveComponent* GetMovementBase() const override final { return Cast<UPrimitiveComponent>(GetMovementBaseObject()); }
	                             ^
[27/38] Compile [x64] TdfKillerCharacter.cpp
D:\Program Files 2\UE_5.8\Engine\Source\Runtime\Engine\Classes\GameFramework\Character.h(798,31): warning C4996: 'APawn::GetMovementBase': GetMovementBase is deprecated. Use GetMovementBaseObject or GetMovementBaseInterfaceData instead. - Please update your code to the new API before upgrading to the next release, otherwise your project will no longer compile.
	virtual UPrimitiveComponent* GetMovementBase() const override final { return Cast<UPrimitiveComponent>(GetMovementBaseObject()); }
	                             ^
[28/38] Compile [x64] TdfPlayerController.cpp
D:\Program Files 2\UE_5.8\Engine\Source\Runtime\Engine\Classes\GameFramework\Character.h(798,31): warning C4996: 'APawn::GetMovementBase': GetMovementBase is deprecated. Use GetMovementBaseObject or GetMovementBaseInterfaceData instead. - Please update your code to the new API before upgrading to the next release, otherwise your project will no longer compile.
	virtual UPrimitiveComponent* GetMovementBase() const override final { return Cast<UPrimitiveComponent>(GetMovementBaseObject()); }
	                             ^
[29/38] Compile [x64] TdfKillers.cpp
D:\Program Files 2\UE_5.8\Engine\Source\Runtime\Engine\Classes\GameFramework\Character.h(798,31): warning C4996: 'APawn::GetMovementBase': GetMovementBase is deprecated. Use GetMovementBaseObject or GetMovementBaseInterfaceData instead. - Please update your code to the new API before upgrading to the next release, otherwise your project will no longer compile.
	virtual UPrimitiveComponent* GetMovementBase() const override final { return Cast<UPrimitiveComponent>(GetMovementBaseObject()); }
	                             ^
[30/38] Compile [x64] TdfMapBuilder.cpp
[31/38] Compile [x64] TdfShrine.cpp
[32/38] Compile [x64] TdfRunnerCharacter.cpp
D:\Program Files 2\UE_5.8\Engine\Source\Runtime\Engine\Classes\GameFramework\Character.h(798,31): warning C4996: 'APawn::GetMovementBase': GetMovementBase is deprecated. Use GetMovementBaseObject or GetMovementBaseInterfaceData instead. - Please update your code to the new API before upgrading to the next release, otherwise your project will no longer compile.
	virtual UPrimitiveComponent* GetMovementBase() const override final { return Cast<UPrimitiveComponent>(GetMovementBaseObject()); }
	                             ^
[33/38] Compile [x64] TdfRunners.cpp
D:\Program Files 2\UE_5.8\Engine\Source\Runtime\Engine\Classes\GameFramework\Character.h(798,31): warning C4996: 'APawn::GetMovementBase': GetMovementBase is deprecated. Use GetMovementBaseObject or GetMovementBaseInterfaceData instead. - Please update your code to the new API before upgrading to the next release, otherwise your project will no longer compile.
	virtual UPrimitiveComponent* GetMovementBase() const override final { return Cast<UPrimitiveComponent>(GetMovementBaseObject()); }
	                             ^
[34/38] Compile [x64] TdfTargetDummy.cpp
D:\Program Files 2\UE_5.8\Engine\Source\Runtime\Engine\Classes\GameFramework\Character.h(798,31): warning C4996: 'APawn::GetMovementBase': GetMovementBase is deprecated. Use GetMovementBaseObject or GetMovementBaseInterfaceData instead. - Please update your code to the new API before upgrading to the next release, otherwise your project will no longer compile.
	virtual UPrimitiveComponent* GetMovementBase() const override final { return Cast<UPrimitiveComponent>(GetMovementBaseObject()); }
	                             ^
[35/38] Compile [x64] TheDheerFather.cpp
Total time in Unreal Build Accelerator local executor: 83.25 seconds

Result: Failed (OtherCompilationError)
Total execution time: 123.67 seconds
Trace written to file C:\Users\RedIce\AppData\Local\UnrealBuildTool\Trace.uba with size 29.0kb
